// Jest Snapshot v1, https://goo.gl/fbAQLP

exports[`SignUp UI should redirect once user is signed up 1`] = `
<Redirect
  push={false}
  to="/"
/>
`;

exports[`SignUp UI should render authentication form 1`] = `
<section
  className="d-flex flex-grow-1 flex-column align-items-center justify-content-center"
>
  <div
    className="container"
  >
    <Row
      noGutters={true}
      tag="div"
    >
      <Col
        lg={
          Object {
            "offset": 3,
            "size": 6,
          }
        }
        md={
          Object {
            "offset": 2,
            "size": 8,
          }
        }
        tag="div"
        widths={
          Array [
            "xs",
            "sm",
            "md",
            "lg",
            "xl",
          ]
        }
      >
        <h1
          className="text-center mb-3"
        >
          Loji
        </h1>
        <Card
          className="border-0 shadow-z4"
          tag="div"
        >
          <CardHeader
            className="bg-primary p-1"
            tag="div"
          />
          <CardBody
            tag="div"
          >
            <SignUpForm
              isCustomerAuthenticating={false}
              onSubmit={[Function]}
            />
          </CardBody>
        </Card>
      </Col>
    </Row>
  </div>
</section>
`;
